// Jest Snapshot v1, https://goo.gl/fbAQLP

exports[`Link renders without crashing 1`] = `
<a
  href="001-01"
  onClick={[Function]}
>
  Wine
</a>
`;
