// Jest Snapshot v1, https://goo.gl/fbAQLP

exports[`Accordion Item renders without crashing 1`] = `
<div
  className="item "
  onClick={[Function]}
  onKeyPress={[Function]}
  role="tab"
  tabIndex="0"
>
  <h3>
    test
  </h3>
  <p>
    test
  </p>
</div>
`;
